// Jest Snapshot v1, https://goo.gl/fbAQLP

exports[`Renders questions and answers with an h3 header 1`] = `
<h3>
  Questions & Answers
</h3>
`;
